[30/06/2025 02:37:28] KeitoC won  (ID: gold_ingot, Weight: 10.0) from Caja Común (ID: comun)
[30/06/2025 02:38:52] KeitoC won  (ID: diamond, Weight: 10.0) from Caja Común (ID: comun)
[30/06/2025 02:46:17] KeitoC won  (ID: emerald, Weight: 10.0) from Caja Común (ID: comun)
[30/06/2025 02:46:17] KeitoC won  (ID: gold_ingot, Weight: 10.0) from Caja Común (ID: comun)
[30/06/2025 02:46:18] KeitoC won  (ID: diamond, Weight: 10.0) from Caja Común (ID: comun)
[30/06/2025 02:46:19] KeitoC won  (ID: emerald, Weight: 10.0) from Caja Común (ID: comun)
[30/06/2025 02:46:19] KeitoC won  (ID: emerald, Weight: 10.0) from Caja Común (ID: comun)
[30/06/2025 02:46:19] KeitoC won  (ID: iron_ingot, Weight: 10.0) from Caja Común (ID: comun)
[30/06/2025 02:46:20] KeitoC won  (ID: diamond, Weight: 10.0) from Caja Común (ID: comun)
[30/06/2025 02:46:20] KeitoC won  (ID: diamond, Weight: 10.0) from Caja Común (ID: comun)
[30/06/2025 02:46:21] KeitoC won  (ID: emerald, Weight: 10.0) from Caja Común (ID: comun)
[30/06/2025 02:46:21] KeitoC won  (ID: gold_ingot, Weight: 10.0) from Caja Común (ID: comun)
[30/06/2025 02:51:28] KeitoC won  (ID: netherite_ingot, Weight: 2.0) from Caja Común (ID: comun)
[30/06/2025 02:51:33] KeitoC won  (ID: gold_ingot, Weight: 10.0) from Caja Común (ID: comun)
[30/06/2025 02:51:33] KeitoC won  (ID: emerald, Weight: 10.0) from Caja Común (ID: comun)
[30/06/2025 02:51:33] KeitoC won  (ID: gold_ingot, Weight: 10.0) from Caja Común (ID: comun)
[30/06/2025 02:51:33] KeitoC won  (ID: emerald, Weight: 10.0) from Caja Común (ID: comun)
[30/06/2025 02:51:33] KeitoC won  (ID: iron_ingot, Weight: 10.0) from Caja Común (ID: comun)
[30/06/2025 02:51:33] KeitoC won  (ID: gold_ingot, Weight: 10.0) from Caja Común (ID: comun)
[30/06/2025 02:51:33] KeitoC won  (ID: netherite_ingot, Weight: 2.0) from Caja Común (ID: comun)
[30/06/2025 02:51:33] KeitoC won  (ID: diamond, Weight: 10.0) from Caja Común (ID: comun)
[30/06/2025 02:51:33] KeitoC won  (ID: emerald, Weight: 10.0) from Caja Común (ID: comun)
[30/06/2025 02:52:11] KeitoC won  (ID: iron_ingot, Weight: 10.0) from Caja Común (ID: comun)
[30/06/2025 02:52:12] KeitoC won  (ID: emerald, Weight: 10.0) from Caja Común (ID: comun)
[30/06/2025 02:52:12] KeitoC won  (ID: iron_ingot, Weight: 10.0) from Caja Común (ID: comun)
[30/06/2025 02:52:12] KeitoC won  (ID: iron_ingot, Weight: 10.0) from Caja Común (ID: comun)
[30/06/2025 02:52:12] KeitoC won  (ID: gold_ingot, Weight: 10.0) from Caja Común (ID: comun)
[30/06/2025 02:52:12] KeitoC won  (ID: diamond, Weight: 10.0) from Caja Común (ID: comun)
[30/06/2025 02:52:12] KeitoC won  (ID: netherite_ingot, Weight: 2.0) from Caja Común (ID: comun)
[30/06/2025 02:52:12] KeitoC won  (ID: emerald, Weight: 10.0) from Caja Común (ID: comun)
[30/06/2025 02:52:12] KeitoC won  (ID: iron_ingot, Weight: 10.0) from Caja Común (ID: comun)
[30/06/2025 02:52:12] KeitoC won  (ID: iron_ingot, Weight: 10.0) from Caja Común (ID: comun)
[30/06/2025 02:55:03] KeitoC won  (ID: netherite_sword, Weight: 10.0) from Caja NO Común (ID: no-comun)
[30/06/2025 02:55:13] KeitoC won  (ID: netherite_sword, Weight: 10.0) from Caja NO Común (ID: no-comun)
[30/06/2025 02:55:18] KeitoC won  (ID: netherite_sword, Weight: 10.0) from Caja NO Común (ID: no-comun)
[30/06/2025 02:55:19] KeitoC won  (ID: netherite_sword, Weight: 10.0) from Caja NO Común (ID: no-comun)
[30/06/2025 02:55:19] KeitoC won  (ID: netherite_sword, Weight: 10.0) from Caja NO Común (ID: no-comun)
[30/06/2025 02:55:19] KeitoC won  (ID: netherite_sword, Weight: 10.0) from Caja NO Común (ID: no-comun)
[30/06/2025 02:55:19] KeitoC won  (ID: netherite_sword, Weight: 10.0) from Caja NO Común (ID: no-comun)
[30/06/2025 02:55:19] KeitoC won  (ID: netherite_sword, Weight: 10.0) from Caja NO Común (ID: no-comun)
[30/06/2025 02:55:20] KeitoC won  (ID: netherite_sword, Weight: 10.0) from Caja NO Común (ID: no-comun)
[30/06/2025 02:55:20] KeitoC won  (ID: netherite_sword, Weight: 10.0) from Caja NO Común (ID: no-comun)
[30/06/2025 02:55:20] KeitoC won  (ID: netherite_sword, Weight: 10.0) from Caja NO Común (ID: no-comun)
[30/06/2025 02:55:20] KeitoC won  (ID: netherite_sword, Weight: 10.0) from Caja NO Común (ID: no-comun)
[30/06/2025 02:55:20] KeitoC won  (ID: netherite_sword, Weight: 10.0) from Caja NO Común (ID: no-comun)
[30/06/2025 02:55:20] KeitoC won  (ID: netherite_sword, Weight: 10.0) from Caja NO Común (ID: no-comun)
[30/06/2025 02:55:21] KeitoC won  (ID: netherite_sword, Weight: 10.0) from Caja NO Común (ID: no-comun)
[30/06/2025 02:55:21] KeitoC won  (ID: netherite_sword, Weight: 10.0) from Caja NO Común (ID: no-comun)
[30/06/2025 02:55:21] KeitoC won  (ID: netherite_sword, Weight: 10.0) from Caja NO Común (ID: no-comun)
[30/06/2025 02:55:21] KeitoC won  (ID: netherite_sword, Weight: 10.0) from Caja NO Común (ID: no-comun)
[30/06/2025 02:55:21] KeitoC won  (ID: netherite_sword, Weight: 10.0) from Caja NO Común (ID: no-comun)
[30/06/2025 02:55:22] KeitoC won  (ID: netherite_sword, Weight: 10.0) from Caja NO Común (ID: no-comun)
[30/06/2025 02:55:22] KeitoC won  (ID: netherite_sword, Weight: 10.0) from Caja NO Común (ID: no-comun)
[30/06/2025 02:55:22] KeitoC won  (ID: netherite_sword, Weight: 10.0) from Caja NO Común (ID: no-comun)
[30/06/2025 02:55:22] KeitoC won  (ID: netherite_sword, Weight: 10.0) from Caja NO Común (ID: no-comun)
[30/06/2025 02:55:22] KeitoC won  (ID: netherite_sword, Weight: 10.0) from Caja NO Común (ID: no-comun)
[30/06/2025 02:55:23] KeitoC won  (ID: netherite_sword, Weight: 10.0) from Caja NO Común (ID: no-comun)
[30/06/2025 02:55:23] KeitoC won  (ID: netherite_sword, Weight: 10.0) from Caja NO Común (ID: no-comun)
[30/06/2025 02:55:23] KeitoC won  (ID: netherite_sword, Weight: 10.0) from Caja NO Común (ID: no-comun)
[30/06/2025 02:55:23] KeitoC won  (ID: netherite_sword, Weight: 10.0) from Caja NO Común (ID: no-comun)
[30/06/2025 02:55:23] KeitoC won  (ID: netherite_sword, Weight: 10.0) from Caja NO Común (ID: no-comun)
[30/06/2025 02:55:24] KeitoC won  (ID: netherite_sword, Weight: 10.0) from Caja NO Común (ID: no-comun)
[30/06/2025 02:55:24] KeitoC won  (ID: netherite_sword, Weight: 10.0) from Caja NO Común (ID: no-comun)
[30/06/2025 02:55:24] KeitoC won  (ID: netherite_sword, Weight: 10.0) from Caja NO Común (ID: no-comun)
[30/06/2025 02:55:24] KeitoC won  (ID: netherite_sword, Weight: 10.0) from Caja NO Común (ID: no-comun)
[30/06/2025 02:55:24] KeitoC won  (ID: netherite_sword, Weight: 10.0) from Caja NO Común (ID: no-comun)
[30/06/2025 02:55:25] KeitoC won  (ID: netherite_sword, Weight: 10.0) from Caja NO Común (ID: no-comun)
[30/06/2025 02:55:25] KeitoC won  (ID: netherite_sword, Weight: 10.0) from Caja NO Común (ID: no-comun)
[30/06/2025 02:55:25] KeitoC won  (ID: netherite_sword, Weight: 10.0) from Caja NO Común (ID: no-comun)
[30/06/2025 02:55:25] KeitoC won  (ID: netherite_sword, Weight: 10.0) from Caja NO Común (ID: no-comun)
[30/06/2025 02:55:25] KeitoC won  (ID: netherite_sword, Weight: 10.0) from Caja NO Común (ID: no-comun)
[30/06/2025 02:55:26] KeitoC won  (ID: netherite_sword, Weight: 10.0) from Caja NO Común (ID: no-comun)
[30/06/2025 02:55:26] KeitoC won  (ID: netherite_sword, Weight: 10.0) from Caja NO Común (ID: no-comun)
[30/06/2025 02:55:26] KeitoC won  (ID: netherite_sword, Weight: 10.0) from Caja NO Común (ID: no-comun)
[30/06/2025 02:55:26] KeitoC won  (ID: netherite_sword, Weight: 10.0) from Caja NO Común (ID: no-comun)
[30/06/2025 02:55:27] KeitoC won  (ID: netherite_sword, Weight: 10.0) from Caja NO Común (ID: no-comun)
[30/06/2025 02:55:27] KeitoC won  (ID: netherite_sword, Weight: 10.0) from Caja NO Común (ID: no-comun)
[30/06/2025 02:55:27] KeitoC won  (ID: netherite_sword, Weight: 10.0) from Caja NO Común (ID: no-comun)
[30/06/2025 02:55:27] KeitoC won  (ID: netherite_sword, Weight: 10.0) from Caja NO Común (ID: no-comun)
[30/06/2025 02:55:27] KeitoC won  (ID: netherite_sword, Weight: 10.0) from Caja NO Común (ID: no-comun)
[30/06/2025 02:55:28] KeitoC won  (ID: netherite_sword, Weight: 10.0) from Caja NO Común (ID: no-comun)
[30/06/2025 02:55:28] KeitoC won  (ID: netherite_sword, Weight: 10.0) from Caja NO Común (ID: no-comun)
[30/06/2025 02:55:28] KeitoC won  (ID: netherite_sword, Weight: 10.0) from Caja NO Común (ID: no-comun)
[30/06/2025 02:55:28] KeitoC won  (ID: netherite_sword, Weight: 10.0) from Caja NO Común (ID: no-comun)
[30/06/2025 02:55:28] KeitoC won  (ID: netherite_sword, Weight: 10.0) from Caja NO Común (ID: no-comun)
[30/06/2025 02:55:29] KeitoC won  (ID: netherite_sword, Weight: 10.0) from Caja NO Común (ID: no-comun)
[30/06/2025 02:55:29] KeitoC won  (ID: netherite_sword, Weight: 10.0) from Caja NO Común (ID: no-comun)
[30/06/2025 02:55:29] KeitoC won  (ID: netherite_sword, Weight: 10.0) from Caja NO Común (ID: no-comun)
[30/06/2025 02:55:29] KeitoC won  (ID: netherite_sword, Weight: 10.0) from Caja NO Común (ID: no-comun)
[30/06/2025 02:55:29] KeitoC won  (ID: netherite_sword, Weight: 10.0) from Caja NO Común (ID: no-comun)
[30/06/2025 02:55:30] KeitoC won  (ID: netherite_sword, Weight: 10.0) from Caja NO Común (ID: no-comun)
[30/06/2025 02:55:30] KeitoC won  (ID: netherite_sword, Weight: 10.0) from Caja NO Común (ID: no-comun)
[30/06/2025 02:55:30] KeitoC won  (ID: netherite_sword, Weight: 10.0) from Caja NO Común (ID: no-comun)
[30/06/2025 02:55:30] KeitoC won  (ID: netherite_sword, Weight: 10.0) from Caja NO Común (ID: no-comun)
[30/06/2025 02:55:31] KeitoC won  (ID: netherite_sword, Weight: 10.0) from Caja NO Común (ID: no-comun)
[30/06/2025 02:55:31] KeitoC won  (ID: netherite_sword, Weight: 10.0) from Caja NO Común (ID: no-comun)
[30/06/2025 02:55:31] KeitoC won  (ID: netherite_sword, Weight: 10.0) from Caja NO Común (ID: no-comun)
[30/06/2025 02:55:31] KeitoC won  (ID: netherite_sword, Weight: 10.0) from Caja NO Común (ID: no-comun)
[30/06/2025 02:55:31] KeitoC won  (ID: netherite_sword, Weight: 10.0) from Caja NO Común (ID: no-comun)
[30/06/2025 02:55:32] KeitoC won  (ID: netherite_sword, Weight: 10.0) from Caja NO Común (ID: no-comun)
[30/06/2025 02:55:32] KeitoC won  (ID: netherite_sword, Weight: 10.0) from Caja NO Común (ID: no-comun)
[30/06/2025 02:55:32] KeitoC won  (ID: netherite_sword, Weight: 10.0) from Caja NO Común (ID: no-comun)
[30/06/2025 02:55:32] KeitoC won  (ID: netherite_sword, Weight: 10.0) from Caja NO Común (ID: no-comun)
[30/06/2025 02:55:32] KeitoC won  (ID: netherite_sword, Weight: 10.0) from Caja NO Común (ID: no-comun)
[30/06/2025 02:55:33] KeitoC won  (ID: netherite_sword, Weight: 10.0) from Caja NO Común (ID: no-comun)
[30/06/2025 02:55:46] KeitoC won  (ID: netherite_sword, Weight: 10.0) from Caja NO Común (ID: no-comun)
[30/06/2025 02:57:17] KeitoC won  (ID: netherite_sword, Weight: 10.0) from Caja NO Común (ID: no-comun)
[30/06/2025 02:57:19] KeitoC won  (ID: emerald, Weight: 10.0) from Caja Común (ID: comun)
[30/06/2025 02:57:19] KeitoC won  (ID: netherite_ingot, Weight: 2.0) from Caja Común (ID: comun)
[30/06/2025 02:57:19] KeitoC won  (ID: netherite_ingot, Weight: 2.0) from Caja Común (ID: comun)
[30/06/2025 02:57:19] KeitoC won  (ID: emerald, Weight: 10.0) from Caja Común (ID: comun)
[30/06/2025 02:57:19] KeitoC won  (ID: emerald, Weight: 10.0) from Caja Común (ID: comun)
[30/06/2025 02:57:19] KeitoC won  (ID: gold_ingot, Weight: 10.0) from Caja Común (ID: comun)
[30/06/2025 02:57:19] KeitoC won  (ID: iron_ingot, Weight: 10.0) from Caja Común (ID: comun)
[30/06/2025 02:57:19] KeitoC won  (ID: gold_ingot, Weight: 10.0) from Caja Común (ID: comun)
[30/06/2025 02:57:19] KeitoC won  (ID: gold_ingot, Weight: 10.0) from Caja Común (ID: comun)
[30/06/2025 02:57:19] KeitoC won  (ID: iron_ingot, Weight: 10.0) from Caja Común (ID: comun)
[30/06/2025 02:57:31] KeitoC won  (ID: netherite_sword, Weight: 10.0) from Caja NO Común (ID: no-comun)
[30/06/2025 02:57:32] KeitoC won  (ID: netherite_sword, Weight: 10.0) from Caja NO Común (ID: no-comun)
[30/06/2025 02:57:33] KeitoC won  (ID: netherite_sword, Weight: 10.0) from Caja NO Común (ID: no-comun)
[30/06/2025 02:57:34] KeitoC won  (ID: netherite_sword, Weight: 10.0) from Caja NO Común (ID: no-comun)
[30/06/2025 02:57:34] KeitoC won  (ID: netherite_sword, Weight: 10.0) from Caja NO Común (ID: no-comun)
[30/06/2025 02:59:40] KeitoC won  (ID: netherite_sword, Weight: 10.0) from Caja NO Común (ID: no-comun)
[30/06/2025 02:59:40] KeitoC won  (ID: netherite_sword, Weight: 10.0) from Caja NO Común (ID: no-comun)
[30/06/2025 02:59:40] KeitoC won  (ID: netherite_sword, Weight: 10.0) from Caja NO Común (ID: no-comun)
[30/06/2025 02:59:40] KeitoC won  (ID: netherite_sword, Weight: 10.0) from Caja NO Común (ID: no-comun)
[30/06/2025 02:59:40] KeitoC won  (ID: netherite_sword, Weight: 10.0) from Caja NO Común (ID: no-comun)
[30/06/2025 02:59:40] KeitoC won  (ID: netherite_sword, Weight: 10.0) from Caja NO Común (ID: no-comun)
[30/06/2025 02:59:40] KeitoC won  (ID: netherite_sword, Weight: 10.0) from Caja NO Común (ID: no-comun)
[30/06/2025 02:59:40] KeitoC won  (ID: netherite_sword, Weight: 10.0) from Caja NO Común (ID: no-comun)
[30/06/2025 02:59:40] KeitoC won  (ID: netherite_sword, Weight: 10.0) from Caja NO Común (ID: no-comun)
[30/06/2025 02:59:40] KeitoC won  (ID: netherite_sword, Weight: 10.0) from Caja NO Común (ID: no-comun)
[30/06/2025 05:14:25] KeitoC won  (ID: stone, Weight: 10.0) from Caja Común (ID: comun)
[30/06/2025 05:14:25] KeitoC won  (ID: stone, Weight: 10.0) from Caja Común (ID: comun)
[30/06/2025 05:14:25] KeitoC won  (ID: stone, Weight: 10.0) from Caja Común (ID: comun)
[30/06/2025 05:14:25] KeitoC won  (ID: stone, Weight: 10.0) from Caja Común (ID: comun)
[30/06/2025 05:14:25] KeitoC won  (ID: stone, Weight: 10.0) from Caja Común (ID: comun)
[30/06/2025 05:14:25] KeitoC won  (ID: stone, Weight: 10.0) from Caja Común (ID: comun)
[30/06/2025 05:14:25] KeitoC won  (ID: stone, Weight: 10.0) from Caja Común (ID: comun)
[30/06/2025 05:14:25] KeitoC won  (ID: stone, Weight: 10.0) from Caja Común (ID: comun)
[30/06/2025 05:14:25] KeitoC won  (ID: stone, Weight: 10.0) from Caja Común (ID: comun)
[30/06/2025 05:14:25] KeitoC won  (ID: stone, Weight: 10.0) from Caja Común (ID: comun)
